Loading data...
Using device: cuda
Evaluating PLS-DA components...
PLS components: 2, CV Accuracy (PLS only): 0.9203
PLS components: 5, CV Accuracy (PLS only): 0.9845
PLS components: 10, CV Accuracy (PLS only): 0.9899
PLS components: 15, CV Accuracy (PLS only): 0.9845
PLS components: 20, CV Accuracy (PLS only): 0.9865
PLS components: 30, CV Accuracy (PLS only): 0.9872
PLS components: 40, CV Accuracy (PLS only): 0.9865
PLS components: 50, CV Accuracy (PLS only): 0.9865
PLS components: 100, CV Accuracy (PLS only): 0.9331
-> Selected Best number of PLS components: 10
Running MobileNetV2 CV with 10 PLS components...
MobileNetV2 5-Fold CV Accuracy: 0.9932 (+/- 0.0037)
Training Final MobileNetV2 Model...

Evaluating on Test Set...
*** Final Test Accuracy: 0.8485 ***

Classification Report:
              precision    recall  f1-score   support

           0       0.87      0.91      0.89        64
           1       0.81      0.74      0.78        35

    accuracy                           0.85        99
   macro avg       0.84      0.82      0.83        99
weighted avg       0.85      0.85      0.85        99


Pipeline finished successfully! All files are in the 'plots' directory.
