Loading data...
Using device: cuda
Evaluating PLS-DA components...
PLS components: 2, CV Accuracy (PLS only): 0.9203
PLS components: 5, CV Accuracy (PLS only): 0.9845
PLS components: 10, CV Accuracy (PLS only): 0.9899
PLS components: 15, CV Accuracy (PLS only): 0.9845
PLS components: 20, CV Accuracy (PLS only): 0.9865
PLS components: 30, CV Accuracy (PLS only): 0.9872
PLS components: 40, CV Accuracy (PLS only): 0.9865
PLS components: 50, CV Accuracy (PLS only): 0.9865
PLS components: 100, CV Accuracy (PLS only): 0.9331
-> Selected Best number of PLS components: 10
Running ResNet CV with 10 PLS components...
ResNet 5-Fold CV Accuracy: 0.9926 (+/- 0.0025)
Training Final ResNet Model...

Evaluating on Test Set...
*** Final Test Accuracy: 0.8081 ***

Classification Report:
              precision    recall  f1-score   support

           0       0.86      0.84      0.85        64
           1       0.72      0.74      0.73        35

    accuracy                           0.81        99
   macro avg       0.79      0.79      0.79        99
weighted avg       0.81      0.81      0.81        99


Pipeline finished successfully! All files are in the 'plots' directory.
