Loading data...
Using device: cuda
Evaluating PLS-DA components...
PLS components: 2, CV Accuracy (PLS only): 0.9500
PLS components: 5, CV Accuracy (PLS only): 0.9983
PLS components: 10, CV Accuracy (PLS only): 0.9983
PLS components: 15, CV Accuracy (PLS only): 0.9953
PLS components: 20, CV Accuracy (PLS only): 0.9907
PLS components: 30, CV Accuracy (PLS only): 0.9907
PLS components: 40, CV Accuracy (PLS only): 0.9907
PLS components: 50, CV Accuracy (PLS only): 0.9901
PLS components: 100, CV Accuracy (PLS only): 0.9314
-> Selected Best number of PLS components: 5
Running ResNet CV with 5 PLS components...
ResNet 5-Fold CV Accuracy: 0.9971 (+/- 0.0026)
Training Final ResNet Model...

Evaluating on Test Set...
*** Final Test Accuracy: 0.8431 ***

Classification Report:
              precision    recall  f1-score   support

           0       0.87      0.92      0.90        75
           1       0.74      0.63      0.68        27

    accuracy                           0.84       102
   macro avg       0.81      0.77      0.79       102
weighted avg       0.84      0.84      0.84       102


Pipeline finished successfully! All files are in the 'plots' directory.
