Loading data...
Using device: cuda
Evaluating PLS-DA components...
PLS components: 2, CV Accuracy (PLS only): 0.9500
PLS components: 5, CV Accuracy (PLS only): 0.9983
PLS components: 10, CV Accuracy (PLS only): 0.9983
PLS components: 15, CV Accuracy (PLS only): 0.9953
PLS components: 20, CV Accuracy (PLS only): 0.9907
PLS components: 30, CV Accuracy (PLS only): 0.9907
PLS components: 40, CV Accuracy (PLS only): 0.9907
PLS components: 50, CV Accuracy (PLS only): 0.9901
PLS components: 100, CV Accuracy (PLS only): 0.9314
-> Selected Best number of PLS components: 5
Running MobileNetV2 CV with 5 PLS components...
MobileNetV2 5-Fold CV Accuracy: 0.9959 (+/- 0.0035)
Training Final MobileNetV2 Model...

Evaluating on Test Set...
*** Final Test Accuracy: 0.8529 ***

Classification Report:
              precision    recall  f1-score   support

           0       0.87      0.95      0.90        75
           1       0.80      0.59      0.68        27

    accuracy                           0.85       102
   macro avg       0.83      0.77      0.79       102
weighted avg       0.85      0.85      0.85       102


Pipeline finished successfully! All files are in the 'plots' directory.
