Loading data...
Training set shape: (1220, 507)
Test set shape: (84, 507)
Evaluating PLS-DA components...
PLS components: 2, CV Accuracy: 0.9738
PLS components: 5, CV Accuracy: 0.9992
PLS components: 10, CV Accuracy: 0.9967
PLS components: 15, CV Accuracy: 0.9959
PLS components: 20, CV Accuracy: 0.9959
PLS components: 30, CV Accuracy: 0.9975
PLS components: 40, CV Accuracy: 0.9984
PLS components: 50, CV Accuracy: 0.9984
PLS components: 100, CV Accuracy: 0.9262
Saved PLS components comparison graph to 'plots/pls_components_comparison.png'
-> Selected Best number of PLS components: 5 with CV accuracy: 0.9992
Fitting final PLS model with 5 components...
Training SVM Model...
SVM 5-Fold CV Accuracy (Strict without leakage): 0.9975 (+/- 0.0049)

Evaluating on Test Set...
*** Final Test Accuracy: 0.7619 ***

Classification Report:
              precision    recall  f1-score   support

           0       0.82      0.79      0.81        53
           1       0.67      0.71      0.69        31

    accuracy                           0.76        84
   macro avg       0.75      0.75      0.75        84
weighted avg       0.77      0.76      0.76        84

Saved Confusion Matrix to 'plots/confusion_matrix.png'
Saved ROC curve to 'plots/roc_curve.png'

Pipeline finished successfully! All files are in the 'plots' directory.
