Loading data...
Training set shape: (1400, 507)
Test set shape: (86, 507)
Evaluating PLS-DA components...
PLS components: 2, CV Accuracy: 0.9621
PLS components: 5, CV Accuracy: 0.9986
PLS components: 10, CV Accuracy: 0.9986
PLS components: 15, CV Accuracy: 0.9964
PLS components: 20, CV Accuracy: 0.9971
PLS components: 30, CV Accuracy: 0.9971
PLS components: 40, CV Accuracy: 0.9979
PLS components: 50, CV Accuracy: 0.9979
PLS components: 100, CV Accuracy: 0.9314
Saved PLS components comparison graph to 'plots/pls_components_comparison.png'
-> Selected Best number of PLS components: 5 with CV accuracy: 0.9986
Fitting final PLS model with 5 components...
Training SVM Model...
SVM 5-Fold CV Accuracy (Strict without leakage): 0.9929 (+/- 0.0098)

Evaluating on Test Set...
*** Final Test Accuracy: 0.9070 ***

Classification Report:
              precision    recall  f1-score   support

           0       0.95      0.92      0.93        61
           1       0.81      0.88      0.85        25

    accuracy                           0.91        86
   macro avg       0.88      0.90      0.89        86
weighted avg       0.91      0.91      0.91        86

Saved Confusion Matrix to 'plots/confusion_matrix.png'
Saved ROC curve to 'plots/roc_curve.png'

Pipeline finished successfully! All files are in the 'plots' directory.
