Loading data...
Training set shape: (1400, 507)
Test set shape: (86, 507)
Evaluating PLS-DA components...
PLS components: 2, CV Accuracy: 0.9621
PLS components: 5, CV Accuracy: 0.9986
PLS components: 10, CV Accuracy: 0.9986
PLS components: 15, CV Accuracy: 0.9964
PLS components: 20, CV Accuracy: 0.9971
PLS components: 30, CV Accuracy: 0.9971
PLS components: 40, CV Accuracy: 0.9979
PLS components: 50, CV Accuracy: 0.9979
PLS components: 100, CV Accuracy: 0.9314
Saved PLS components comparison graph to 'plots/pls_components_comparison.png'
-> Selected Best number of PLS components: 5 with CV accuracy: 0.9986
Fitting final PLS model with 5 components...
Training MLP Model...
MLP 5-Fold CV Accuracy (Strict without leakage): 0.9800 (+/- 0.0270)
Saved MLP loss curve graph to 'plots/mlp_loss_curve.png'

Evaluating on Test Set...
*** Final Test Accuracy: 0.9186 ***

Classification Report:
              precision    recall  f1-score   support

           0       0.95      0.93      0.94        61
           1       0.85      0.88      0.86        25

    accuracy                           0.92        86
   macro avg       0.90      0.91      0.90        86
weighted avg       0.92      0.92      0.92        86

Saved Confusion Matrix to 'plots/confusion_matrix.png'
Saved ROC curve to 'plots/roc_curve.png'

Pipeline finished successfully! All files are in the 'plots' directory.
