Loading data...
Using device: cuda
Evaluating PLS-DA components...
PLS components: 2, CV Accuracy (PLS only): 1.0000
PLS components: 5, CV Accuracy (PLS only): 1.0000
PLS components: 10, CV Accuracy (PLS only): 1.0000
PLS components: 15, CV Accuracy (PLS only): 1.0000
PLS components: 20, CV Accuracy (PLS only): 1.0000
PLS components: 30, CV Accuracy (PLS only): 1.0000
PLS components: 40, CV Accuracy (PLS only): 1.0000
PLS components: 50, CV Accuracy (PLS only): 1.0000
PLS components: 100, CV Accuracy (PLS only): 1.0000
-> Selected Best number of PLS components: 2
Running MobileNetV2 CV with 2 PLS components...
MobileNetV2 5-Fold CV Accuracy: 0.5000 (+/- 0.0000)
Training Final MobileNetV2 Model...

Evaluating on Test Set...
*** Final Test Accuracy: 0.2500 ***

Classification Report:
              precision    recall  f1-score   support

           0       0.44      0.36      0.40        11
           1       0.00      0.00      0.00         5

    accuracy                           0.25        16
   macro avg       0.22      0.18      0.20        16
weighted avg       0.31      0.25      0.28        16


Pipeline finished successfully! All files are in the 'plots' directory.
