Loading data...
Training set shape: (260, 507)
Test set shape: (16, 507)
Evaluating PLS-DA components...
PLS components: 2, CV Accuracy: 1.0000
PLS components: 5, CV Accuracy: 1.0000
PLS components: 10, CV Accuracy: 1.0000
PLS components: 15, CV Accuracy: 1.0000
PLS components: 20, CV Accuracy: 1.0000
PLS components: 30, CV Accuracy: 1.0000
PLS components: 40, CV Accuracy: 1.0000
PLS components: 50, CV Accuracy: 1.0000
PLS components: 100, CV Accuracy: 1.0000
Saved PLS components comparison graph to 'plots/pls_components_comparison.png'
-> Selected Best number of PLS components: 2 with CV accuracy: 1.0000
Fitting final PLS model with 2 components...
Training SVM Model...
SVM 5-Fold CV Accuracy (Strict without leakage): 1.0000 (+/- 0.0000)

Evaluating on Test Set...
*** Final Test Accuracy: 0.5625 ***

Classification Report:
              precision    recall  f1-score   support

           0       0.64      0.82      0.72        11
           1       0.00      0.00      0.00         5

    accuracy                           0.56        16
   macro avg       0.32      0.41      0.36        16
weighted avg       0.44      0.56      0.49        16

Saved Confusion Matrix to 'plots/confusion_matrix.png'
Saved ROC curve to 'plots/roc_curve.png'

Pipeline finished successfully! All files are in the 'plots' directory.
