python : 
C:\Users\IHCK\AppData\Local\Programs\Python\Python312\Lib\site-packages\sklearn\metrics\_classification.py:1833: 
UndefinedMetricWarning: Precision is ill-defined and being set to 0.0 in labels with no predicted samples. Use 
`zero_division` parameter to control this behavior.
At line:1 char:1
+ python train_mlp_pls.py *>&1 | Out-File -FilePath 'C:\Users\IHCK\Desk ...
+ ~~~~~~~~~~~~~~~~~~~~~~~~~~~~
    + CategoryInfo          : NotSpecified: (C:\Users\IHCK\A... this behavior.:String) [], RemoteException
    + FullyQualifiedErrorId : NativeCommandError
 
  _warn_prf(average, modifier, f"{metric.capitalize()} is", result.shape[0])
C:\Users\IHCK\AppData\Local\Programs\Python\Python312\Lib\site-packages\sklearn\metrics\_classification.py:1833: 
UndefinedMetricWarning: Precision is ill-defined and being set to 0.0 in labels with no predicted samples. Use 
`zero_division` parameter to control this behavior.
  _warn_prf(average, modifier, f"{metric.capitalize()} is", result.shape[0])
C:\Users\IHCK\AppData\Local\Programs\Python\Python312\Lib\site-packages\sklearn\metrics\_classification.py:1833: 
UndefinedMetricWarning: Precision is ill-defined and being set to 0.0 in labels with no predicted samples. Use 
`zero_division` parameter to control this behavior.
  _warn_prf(average, modifier, f"{metric.capitalize()} is", result.shape[0])
Loading data...
Training set shape: (260, 507)
Test set shape: (16, 507)
Evaluating PLS-DA components...
PLS components: 2, CV Accuracy: 1.0000
PLS components: 5, CV Accuracy: 1.0000
PLS components: 10, CV Accuracy: 1.0000
PLS components: 15, CV Accuracy: 1.0000
PLS components: 20, CV Accuracy: 1.0000
PLS components: 30, CV Accuracy: 1.0000
PLS components: 40, CV Accuracy: 1.0000
PLS components: 50, CV Accuracy: 1.0000
PLS components: 100, CV Accuracy: 1.0000
Saved PLS components comparison graph to 'plots/pls_components_comparison.png'
-> Selected Best number of PLS components: 2 with CV accuracy: 1.0000
Fitting final PLS model with 2 components...
Training MLP Model...
MLP 5-Fold CV Accuracy (Strict without leakage): 0.8000 (+/- 0.1773)
Saved MLP loss curve graph to 'plots/mlp_loss_curve.png'

Evaluating on Test Set...
*** Final Test Accuracy: 0.6875 ***

Classification Report:
              precision    recall  f1-score   support

           0       0.69      1.00      0.81        11
           1       0.00      0.00      0.00         5

    accuracy                           0.69        16
   macro avg       0.34      0.50      0.41        16
weighted avg       0.47      0.69      0.56        16

Saved Confusion Matrix to 'plots/confusion_matrix.png'
Saved ROC curve to 'plots/roc_curve.png'

Pipeline finished successfully! All files are in the 'plots' directory.
