Loading data...
Training set shape: (320, 507)
Test set shape: (17, 507)
Evaluating PLS-DA components...
PLS components: 2, CV Accuracy: 0.9969
PLS components: 5, CV Accuracy: 1.0000
PLS components: 10, CV Accuracy: 1.0000
PLS components: 15, CV Accuracy: 1.0000
PLS components: 20, CV Accuracy: 1.0000
PLS components: 30, CV Accuracy: 1.0000
PLS components: 40, CV Accuracy: 1.0000
PLS components: 50, CV Accuracy: 1.0000
PLS components: 100, CV Accuracy: 1.0000
Saved PLS components comparison graph to 'plots/pls_components_comparison.png'
-> Selected Best number of PLS components: 5 with CV accuracy: 1.0000
Fitting final PLS model with 5 components...
Training MLP Model...
MLP 5-Fold CV Accuracy (Strict without leakage): 0.9563 (+/- 0.0468)
Saved MLP loss curve graph to 'plots/mlp_loss_curve.png'

Evaluating on Test Set...
*** Final Test Accuracy: 0.7647 ***

Classification Report:
              precision    recall  f1-score   support

           0       0.81      0.93      0.87        14
           1       0.00      0.00      0.00         3

    accuracy                           0.76        17
   macro avg       0.41      0.46      0.43        17
weighted avg       0.67      0.76      0.71        17

Saved Confusion Matrix to 'plots/confusion_matrix.png'
Saved ROC curve to 'plots/roc_curve.png'

Pipeline finished successfully! All files are in the 'plots' directory.
