python : 
C:\Users\IHCK\AppData\Local\Programs\Python\Python312\Lib\site-packages\sklearn\metrics\_classification.py:1833: 
UndefinedMetricWarning: Precision is ill-defined and being set to 0.0 in labels with no predicted samples. Use 
`zero_division` parameter to control this behavior.
At line:1 char:1
+ python train_mobilenet_pls.py *>&1 | Out-File -FilePath 'C:\Users\IHC ...
+ ~~~~~~~~~~~~~~~~~~~~~~~~~~~~~~~~~~
    + CategoryInfo          : NotSpecified: (C:\Users\IHCK\A... this behavior.:String) [], RemoteException
    + FullyQualifiedErrorId : NativeCommandError
 
  _warn_prf(average, modifier, f"{metric.capitalize()} is", result.shape[0])
C:\Users\IHCK\AppData\Local\Programs\Python\Python312\Lib\site-packages\sklearn\metrics\_classification.py:1833: 
UndefinedMetricWarning: Precision is ill-defined and being set to 0.0 in labels with no predicted samples. Use 
`zero_division` parameter to control this behavior.
  _warn_prf(average, modifier, f"{metric.capitalize()} is", result.shape[0])
C:\Users\IHCK\AppData\Local\Programs\Python\Python312\Lib\site-packages\sklearn\metrics\_classification.py:1833: 
UndefinedMetricWarning: Precision is ill-defined and being set to 0.0 in labels with no predicted samples. Use 
`zero_division` parameter to control this behavior.
  _warn_prf(average, modifier, f"{metric.capitalize()} is", result.shape[0])
Loading data...
Using device: cuda
Evaluating PLS-DA components...
PLS components: 2, CV Accuracy (PLS only): 0.9969
PLS components: 5, CV Accuracy (PLS only): 1.0000
PLS components: 10, CV Accuracy (PLS only): 1.0000
PLS components: 15, CV Accuracy (PLS only): 1.0000
PLS components: 20, CV Accuracy (PLS only): 1.0000
PLS components: 30, CV Accuracy (PLS only): 1.0000
PLS components: 40, CV Accuracy (PLS only): 1.0000
PLS components: 50, CV Accuracy (PLS only): 1.0000
PLS components: 100, CV Accuracy (PLS only): 1.0000
-> Selected Best number of PLS components: 5
Running MobileNetV2 CV with 5 PLS components...
MobileNetV2 5-Fold CV Accuracy: 1.0000 (+/- 0.0000)
Training Final MobileNetV2 Model...

Evaluating on Test Set...
*** Final Test Accuracy: 0.8235 ***

Classification Report:
              precision    recall  f1-score   support

           0       0.82      1.00      0.90        14
           1       0.00      0.00      0.00         3

    accuracy                           0.82        17
   macro avg       0.41      0.50      0.45        17
weighted avg       0.68      0.82      0.74        17


Pipeline finished successfully! All files are in the 'plots' directory.
